| tst.js:12:26:12:32 | nextUrl | Decoding invalidates prior sanitization performed $@. | tst.js:8:8:8:26 | isValidUrl(nextUrl) | here |
| tst.js:17:27:17:30 | data | Decoding invalidates prior sanitization performed $@. | tst.js:16:14:16:37 | _.escap ... y.data) | here |
