| advanced-callgraph.js:2:13:2:20 | source() | advanced-callgraph.js:6:22:6:22 | v |
| class-fields.js:6:18:6:25 | source() | class-fields.js:11:10:11:19 | this.taint |
| class-fields.js:24:25:24:32 | source() | class-fields.js:10:10:10:19 | this.param |
| class-fields.js:32:16:32:23 | source() | class-fields.js:37:8:37:17 | this.taint |
| class-fields.js:49:31:49:38 | source() | class-fields.js:36:8:36:17 | this.param |
| class-fields.js:57:16:57:23 | source() | class-fields.js:63:10:63:19 | this.taint |
| class-fields.js:76:36:76:43 | source() | class-fields.js:62:10:62:19 | this.param |
| class-fields.js:84:16:84:23 | source() | class-fields.js:91:10:91:19 | this.taint |
| class-fields.js:104:35:104:42 | source() | class-fields.js:90:10:90:19 | this.param |
| constructor-calls.js:4:18:4:25 | source() | constructor-calls.js:18:8:18:14 | c.taint |
| constructor-calls.js:4:18:4:25 | source() | constructor-calls.js:22:8:22:19 | c_safe.taint |
| constructor-calls.js:10:16:10:23 | source() | constructor-calls.js:26:8:26:14 | d.taint |
| constructor-calls.js:10:16:10:23 | source() | constructor-calls.js:30:8:30:19 | d_safe.taint |
| constructor-calls.js:14:15:14:22 | source() | constructor-calls.js:17:8:17:14 | c.param |
| constructor-calls.js:14:15:14:22 | source() | constructor-calls.js:25:8:25:14 | d.param |
| partialCalls.js:4:17:4:24 | source() | partialCalls.js:17:14:17:14 | x |
| partialCalls.js:4:17:4:24 | source() | partialCalls.js:20:14:20:14 | y |
| partialCalls.js:4:17:4:24 | source() | partialCalls.js:30:14:30:20 | x.value |
| partialCalls.js:4:17:4:24 | source() | partialCalls.js:41:10:41:18 | id(taint) |
| partialCalls.js:4:17:4:24 | source() | partialCalls.js:51:14:51:14 | x |
| thisAssignments.js:4:17:4:24 | source() | thisAssignments.js:5:10:5:18 | obj.field |
| thisAssignments.js:7:19:7:26 | source() | thisAssignments.js:8:10:8:20 | this.field2 |
| tst.js:2:13:2:20 | source() | tst.js:4:10:4:10 | x |
| tst.js:2:13:2:20 | source() | tst.js:5:10:5:22 | "/" + x + "!" |
| tst.js:2:13:2:20 | source() | tst.js:14:10:14:17 | x.sort() |
| tst.js:2:13:2:20 | source() | tst.js:17:10:17:10 | a |
| tst.js:2:13:2:20 | source() | tst.js:19:10:19:10 | a |
| tst.js:2:13:2:20 | source() | tst.js:23:10:23:10 | b |
| tst.js:2:13:2:20 | source() | tst.js:25:10:25:16 | x.pop() |
| tst.js:2:13:2:20 | source() | tst.js:26:10:26:18 | x.shift() |
| tst.js:2:13:2:20 | source() | tst.js:27:10:27:18 | x.slice() |
| tst.js:2:13:2:20 | source() | tst.js:28:10:28:19 | x.splice() |
| tst.js:2:13:2:20 | source() | tst.js:30:10:30:22 | Array.from(x) |
| tst.js:2:13:2:20 | source() | tst.js:33:14:33:16 | elt |
| tst.js:2:13:2:20 | source() | tst.js:35:14:35:16 | ary |
| tst.js:2:13:2:20 | source() | tst.js:39:14:39:16 | elt |
| tst.js:2:13:2:20 | source() | tst.js:41:14:41:16 | ary |
| tst.js:2:13:2:20 | source() | tst.js:44:10:44:30 | innocen ... ) => x) |
| tst.js:2:13:2:20 | source() | tst.js:45:10:45:24 | x.map(x2 => x2) |
| tst.js:2:13:2:20 | source() | tst.js:47:10:47:30 | Buffer. ...  'hex') |
| tst.js:2:13:2:20 | source() | tst.js:48:10:48:22 | new Buffer(x) |
