nodes
| tst.js:1:6:1:16 | window.name |
edges
#select
| tst.js:1:6:1:16 | window.name | tst.js:1:6:1:16 | window.name | tst.js:1:6:1:16 | window.name | Eval with user-controlled input from $@. | tst.js:1:6:1:16 | window.name | here |
