| tst.ts:2:10:2:24 | Cannot find name 'UnresolvedTypeA'. | 2304 | Cannot find name 'UnresolvedTypeA'. |
| tst.ts:3:10:3:24 | Cannot find name 'UnresolvedTypeB'. | 2304 | Cannot find name 'UnresolvedTypeB'. |
| tst.ts:6:5:6:12 | Type '"not actually a number"' is not assignable to type 'number'. | 2322 | Type '"not actually a number"' is not assignable to type 'number'. |
